// Jest Snapshot v1, https://goo.gl/fbAQLP

exports[`Is genre catalog rendered 1`] = `
<section
  className="catalog"
>
  <h2
    className="catalog__title visually-hidden"
  >
    Catalog
  </h2>
  <Connect(GenreCatalogTab) />
  <MovieList
    films={
      Array [
        Object {
          "description": "In the 1930s, the Grand Budapest Hotel is a popular European ski resort, presided over by concierge Gustave H. (Ralph Fiennes). Zero, a junior lobby boy, becomes Gustave's friend and protege.",
          "director": "Wes Andreson",
          "genre": "Comedies",
          "id": 1,
          "img": "fantastic-beasts-the-crimes-of-grindelwald.jpg",
          "preview": "https://download.blender.org/durian/trailer/sintel_trailer-480p.mp4",
          "rate": Object {
            "allRate": 100,
            "currentRate": 8.7,
          },
          "starrings": Array [
            "Bill Murray",
            "Edward Norton",
            "Jude Law",
            "Willem Dafoe",
          ],
          "title": "Fantastic Beasts",
        },
        Object {
          "description": "In the 1930s, the Grand Budapest Hotel is a popular European ski resort, presided over by concierge Gustave H. (Ralph Fiennes). Zero, a junior lobby boy, becomes Gustave's friend and protege.",
          "director": "Wes Andreson",
          "genre": "documentary",
          "id": 2,
          "img": "bohemian-rhapsody.jpg",
          "preview": "https://upload.wikimedia.org/wikipedia/commons/transcoded/b/b3/Big_Buck_Bunny_Trailer_400p.ogv/Big_Buck_Bunny_Trailer_400p.ogv.360p.webm",
          "rate": Object {
            "allRate": 200,
            "currentRate": 7.7,
          },
          "starrings": Array [
            "Bill Murray",
            "Edward Norton",
            "Jude Law",
            "Willem Dafoe",
          ],
          "title": "Bohemian Rhapsody",
        },
        Object {
          "description": "In the 1930s, the Grand Budapest Hotel is a popular European ski resort, presided over by concierge Gustave H. (Ralph Fiennes). Zero, a junior lobby boy, becomes Gustave's friend and protege.",
          "director": "Wes Andreson",
          "genre": "Crime",
          "id": 3,
          "img": "macbeth.jpg",
          "preview": "https://upload.wikimedia.org/wikipedia/commons/transcoded/9/9f/S%C3%A9rgio_Moro_comenta_portaria_ministerial_que_impede_a_migra%C3%A7%C3%A3o_de_estrangeiros_com_conduta_criminal.webm/S%C3%A9rgio_Moro_comenta_portaria_ministerial_que_impede_a_migra%C3%A7%C3%A3o_de_estrangeiros_com_conduta_criminal.webm.360p.vp9.webm",
          "rate": Object {
            "allRate": 500,
            "currentRate": 8.2,
          },
          "starrings": Array [
            "Bill Murray",
            "Edward Norton",
            "Jude Law",
            "Willem Dafoe",
          ],
          "title": "Macbeth",
        },
        Object {
          "description": "In the 1930s, the Grand Budapest Hotel is a popular European ski resort, presided over by concierge Gustave H. (Ralph Fiennes). Zero, a junior lobby boy, becomes Gustave's friend and protege.",
          "director": "Wes Andreson",
          "genre": "Dramas",
          "id": 4,
          "img": "aviator.jpg",
          "preview": "https://upload.wikimedia.org/wikipedia/commons/1/12/What_is_Google_Voice.webm",
          "rate": Object {
            "allRate": 500,
            "currentRate": 8.2,
          },
          "starrings": Array [
            "Bill Murray",
            "Edward Norton",
            "Jude Law",
            "Willem Dafoe",
          ],
          "title": "Aviator",
        },
        Object {
          "description": "In the 1930s, the Grand Budapest Hotel is a popular European ski resort, presided over by concierge Gustave H. (Ralph Fiennes). Zero, a junior lobby boy, becomes Gustave's friend and protege.",
          "director": "Wes Andreson",
          "genre": "Horror",
          "id": 5,
          "img": "we-need-to-talk-about-kevin.jpg",
          "preview": "https://upload.wikimedia.org/wikipedia/commons/1/10/Coletiva_de_Imprensa_do_ministro_da_Educa%C3%A7%C3%A3o%2C_Abraham_Weintraub.webm",
          "rate": Object {
            "allRate": 500,
            "currentRate": 8.2,
          },
          "starrings": Array [
            "Bill Murray",
            "Edward Norton",
            "Jude Law",
            "Willem Dafoe",
          ],
          "title": "We need to talk about Kevin",
        },
        Object {
          "description": "In the 1930s, the Grand Budapest Hotel is a popular European ski resort, presided over by concierge Gustave H. (Ralph Fiennes). Zero, a junior lobby boy, becomes Gustave's friend and protege.",
          "director": "Wes Andreson",
          "genre": "Kids & Family",
          "id": 6,
          "img": "what-we-do-in-the-shadows.jpg",
          "preview": "https://upload.wikimedia.org/wikipedia/commons/a/aa/S12_E8.webm",
          "rate": Object {
            "allRate": 500,
            "currentRate": 8.2,
          },
          "starrings": Array [
            "Bill Murray",
            "Edward Norton",
            "Jude Law",
            "Willem Dafoe",
          ],
          "title": "What We Do in the Shadows",
        },
        Object {
          "description": "In the 1930s, the Grand Budapest Hotel is a popular European ski resort, presided over by concierge Gustave H. (Ralph Fiennes). Zero, a junior lobby boy, becomes Gustave's friend and protege.",
          "director": "Wes Andreson",
          "genre": "Romance",
          "id": 7,
          "img": "revenant.jpg",
          "preview": "https://upload.wikimedia.org/wikipedia/commons/d/d4/S12_E9.webm",
          "rate": Object {
            "allRate": 500,
            "currentRate": 8.2,
          },
          "starrings": Array [
            "Bill Murray",
            "Edward Norton",
            "Jude Law",
            "Willem Dafoe",
          ],
          "title": "Revenant",
        },
        Object {
          "description": "In the 1930s, the Grand Budapest Hotel is a popular European ski resort, presided over by concierge Gustave H. (Ralph Fiennes). Zero, a junior lobby boy, becomes Gustave's friend and protege.",
          "director": "Wes Andreson",
          "genre": "Sci-Fi",
          "id": 8,
          "img": "revenant.jpg",
          "preview": "https://upload.wikimedia.org/wikipedia/commons/f/f2/S12_E%288%29.webm",
          "rate": Object {
            "allRate": 500,
            "currentRate": 8.2,
          },
          "starrings": Array [
            "Bill Murray",
            "Edward Norton",
            "Jude Law",
            "Willem Dafoe",
          ],
          "title": "Revenant",
        },
        Object {
          "description": "In the 1930s, the Grand Budapest Hotel is a popular European ski resort, presided over by concierge Gustave H. (Ralph Fiennes). Zero, a junior lobby boy, becomes Gustave's friend and protege.",
          "director": "Wes Andreson",
          "genre": "Thrillers",
          "id": 9,
          "img": "johnny-english.jpg",
          "preview": "https://upload.wikimedia.org/wikipedia/commons/5/5e/James_Randi_Lecture_at_NASA_1-12.webm",
          "rate": Object {
            "allRate": 500,
            "currentRate": 8.2,
          },
          "starrings": Array [
            "Bill Murray",
            "Edward Norton",
            "Jude Law",
            "Willem Dafoe",
          ],
          "title": "Johnny English",
        },
        Object {
          "description": "In the 1930s, the Grand Budapest Hotel is a popular European ski resort, presided over by concierge Gustave H. (Ralph Fiennes). Zero, a junior lobby boy, becomes Gustave's friend and protege.",
          "director": "Wes Andreson",
          "genre": "Comedies",
          "id": 10,
          "img": "shutter-island.jpg",
          "preview": "https://upload.wikimedia.org/wikipedia/commons/0/03/Penn_Jillette%27s_Response_from_TAM6.webm",
          "rate": Object {
            "allRate": 500,
            "currentRate": 8.2,
          },
          "starrings": Array [
            "Bill Murray",
            "Edward Norton",
            "Jude Law",
            "Willem Dafoe",
          ],
          "title": "Shutter Island",
        },
        Object {
          "description": "In the 1930s, the Grand Budapest Hotel is a popular European ski resort, presided over by concierge Gustave H. (Ralph Fiennes). Zero, a junior lobby boy, becomes Gustave's friend and protege.",
          "director": "Wes Andreson",
          "genre": "Crime",
          "id": 11,
          "img": "pulp-fiction.jpg",
          "preview": "https://upload.wikimedia.org/wikipedia/commons/7/7b/James_Randi_Lecture_at_NASA_2-12.webm",
          "rate": Object {
            "allRate": 500,
            "currentRate": 8.2,
          },
          "starrings": Array [
            "Bill Murray",
            "Edward Norton",
            "Jude Law",
            "Willem Dafoe",
          ],
          "title": "Pulp Fiction",
        },
        Object {
          "description": "In the 1930s, the Grand Budapest Hotel is a popular European ski resort, presided over by concierge Gustave H. (Ralph Fiennes). Zero, a junior lobby boy, becomes Gustave's friend and protege.",
          "director": "Wes Andreson",
          "genre": "Documentary",
          "id": 12,
          "img": "no-country-for-old-men.jpg",
          "preview": "https://upload.wikimedia.org/wikipedia/commons/7/7b/James_Randi_Lecture_at_NASA_3-12.webm",
          "rate": Object {
            "allRate": 500,
            "currentRate": 8.2,
          },
          "starrings": Array [
            "Bill Murray",
            "Edward Norton",
            "Jude Law",
            "Willem Dafoe",
          ],
          "title": "No Country for Old Men",
        },
        Object {
          "description": "In the 1930s, the Grand Budapest Hotel is a popular European ski resort, presided over by concierge Gustave H. (Ralph Fiennes). Zero, a junior lobby boy, becomes Gustave's friend and protege.",
          "director": "Wes Andreson",
          "genre": "Dramas",
          "id": 13,
          "img": "snatch.jpg",
          "preview": "https://upload.wikimedia.org/wikipedia/commons/6/60/James_Randi_Lecture_at_NASA_4-12.webm",
          "rate": Object {
            "allRate": 500,
            "currentRate": 8.2,
          },
          "starrings": Array [
            "Bill Murray",
            "Edward Norton",
            "Jude Law",
            "Willem Dafoe",
          ],
          "title": "Snatch",
        },
        Object {
          "description": "In the 1930s, the Grand Budapest Hotel is a popular European ski resort, presided over by concierge Gustave H. (Ralph Fiennes). Zero, a junior lobby boy, becomes Gustave's friend and protege.",
          "director": "Wes Andreson",
          "genre": "Horror",
          "id": 14,
          "img": "moonrise-kingdom.jpg",
          "preview": "https://upload.wikimedia.org/wikipedia/commons/d/dd/James_Randi_Lecture_at_NASA_5-12.webm",
          "rate": Object {
            "allRate": 500,
            "currentRate": 8.2,
          },
          "starrings": Array [
            "Bill Murray",
            "Edward Norton",
            "Jude Law",
            "Willem Dafoe",
          ],
          "title": "Moonrise Kingdom",
        },
        Object {
          "description": "In the 1930s, the Grand Budapest Hotel is a popular European ski resort, presided over by concierge Gustave H. (Ralph Fiennes). Zero, a junior lobby boy, becomes Gustave's friend and protege.",
          "director": "Wes Andreson",
          "genre": "Kids & Family",
          "id": 15,
          "img": "seven-years-in-tibet.jpg",
          "preview": "https://upload.wikimedia.org/wikipedia/commons/e/eb/James_Randi_Lecture_at_NASA_6-12.webm",
          "rate": Object {
            "allRate": 500,
            "currentRate": 8.2,
          },
          "starrings": Array [
            "Bill Murray",
            "Edward Norton",
            "Jude Law",
            "Willem Dafoe",
          ],
          "title": "Seven Years in Tibet",
        },
        Object {
          "description": "In the 1930s, the Grand Budapest Hotel is a popular European ski resort, presided over by concierge Gustave H. (Ralph Fiennes). Zero, a junior lobby boy, becomes Gustave's friend and protege.",
          "director": "Wes Andreson",
          "genre": "Comedies",
          "id": 16,
          "img": "fantastic-beasts-the-crimes-of-grindelwald.jpg",
          "preview": "https://upload.wikimedia.org/wikipedia/commons/d/d4/James_Randi_Lecture_at_NASA_7-12.webm",
          "rate": Object {
            "allRate": 100,
            "currentRate": 8.7,
          },
          "starrings": Array [
            "Bill Murray",
            "Edward Norton",
            "Jude Law",
            "Willem Dafoe",
          ],
          "title": "Fantastic Beasts",
        },
        Object {
          "description": "In the 1930s, the Grand Budapest Hotel is a popular European ski resort, presided over by concierge Gustave H. (Ralph Fiennes). Zero, a junior lobby boy, becomes Gustave's friend and protege.",
          "director": "Wes Andreson",
          "genre": "documentary",
          "id": 17,
          "img": "bohemian-rhapsody.jpg",
          "preview": "https://upload.wikimedia.org/wikipedia/commons/9/92/James_Randi_Lecture_at_NASA_8-12.webm",
          "rate": Object {
            "allRate": 200,
            "currentRate": 7.7,
          },
          "starrings": Array [
            "Bill Murray",
            "Edward Norton",
            "Jude Law",
            "Willem Dafoe",
          ],
          "title": "Bohemian Rhapsody",
        },
        Object {
          "description": "In the 1930s, the Grand Budapest Hotel is a popular European ski resort, presided over by concierge Gustave H. (Ralph Fiennes). Zero, a junior lobby boy, becomes Gustave's friend and protege.",
          "director": "Wes Andreson",
          "genre": "Crime",
          "id": 18,
          "img": "macbeth.jpg",
          "preview": "https://upload.wikimedia.org/wikipedia/commons/3/30/James_Randi_Lecture_at_NASA_9-12.webm",
          "rate": Object {
            "allRate": 500,
            "currentRate": 8.2,
          },
          "starrings": Array [
            "Bill Murray",
            "Edward Norton",
            "Jude Law",
            "Willem Dafoe",
          ],
          "title": "Macbeth",
        },
        Object {
          "description": "In the 1930s, the Grand Budapest Hotel is a popular European ski resort, presided over by concierge Gustave H. (Ralph Fiennes). Zero, a junior lobby boy, becomes Gustave's friend and protege.",
          "director": "Wes Andreson",
          "genre": "Dramas",
          "id": 19,
          "img": "aviator.jpg",
          "preview": "https://upload.wikimedia.org/wikipedia/commons/b/b1/James_Randi_Lecture_at_NASA_10-12.webm",
          "rate": Object {
            "allRate": 500,
            "currentRate": 8.2,
          },
          "starrings": Array [
            "Bill Murray",
            "Edward Norton",
            "Jude Law",
            "Willem Dafoe",
          ],
          "title": "Aviator",
        },
        Object {
          "description": "In the 1930s, the Grand Budapest Hotel is a popular European ski resort, presided over by concierge Gustave H. (Ralph Fiennes). Zero, a junior lobby boy, becomes Gustave's friend and protege.",
          "director": "Wes Andreson",
          "genre": "Horror",
          "id": 20,
          "img": "we-need-to-talk-about-kevin.jpg",
          "preview": "https://upload.wikimedia.org/wikipedia/commons/6/62/James_Randi_Lecture_at_NASA_12-12.webm",
          "rate": Object {
            "allRate": 500,
            "currentRate": 8.2,
          },
          "starrings": Array [
            "Bill Murray",
            "Edward Norton",
            "Jude Law",
            "Willem Dafoe",
          ],
          "title": "We need to talk about Kevin",
        },
        Object {
          "description": "In the 1930s, the Grand Budapest Hotel is a popular European ski resort, presided over by concierge Gustave H. (Ralph Fiennes). Zero, a junior lobby boy, becomes Gustave's friend and protege.",
          "director": "Wes Andreson",
          "genre": "Kids & Family",
          "id": 21,
          "img": "what-we-do-in-the-shadows.jpg",
          "preview": "https://upload.wikimedia.org/wikipedia/commons/8/82/James_Randi_Lecture_at_NASA_11-12.webm",
          "rate": Object {
            "allRate": 500,
            "currentRate": 8.2,
          },
          "starrings": Array [
            "Bill Murray",
            "Edward Norton",
            "Jude Law",
            "Willem Dafoe",
          ],
          "title": "What We Do in the Shadows",
        },
        Object {
          "description": "In the 1930s, the Grand Budapest Hotel is a popular European ski resort, presided over by concierge Gustave H. (Ralph Fiennes). Zero, a junior lobby boy, becomes Gustave's friend and protege.",
          "director": "Wes Andreson",
          "genre": "Romance",
          "id": 22,
          "img": "revenant.jpg",
          "preview": "https://upload.wikimedia.org/wikipedia/commons/4/4e/An_Introduction_to_James_Randi.webm",
          "rate": Object {
            "allRate": 500,
            "currentRate": 8.2,
          },
          "starrings": Array [
            "Bill Murray",
            "Edward Norton",
            "Jude Law",
            "Willem Dafoe",
          ],
          "title": "Revenant",
        },
        Object {
          "description": "In the 1930s, the Grand Budapest Hotel is a popular European ski resort, presided over by concierge Gustave H. (Ralph Fiennes). Zero, a junior lobby boy, becomes Gustave's friend and protege.",
          "director": "Wes Andreson",
          "genre": "Sci-Fi",
          "id": 23,
          "img": "revenant.jpg",
          "preview": "https://upload.wikimedia.org/wikipedia/commons/0/07/Araneus_ventricosus_in_Japan_2018_4_1.ogv",
          "rate": Object {
            "allRate": 500,
            "currentRate": 8.2,
          },
          "starrings": Array [
            "Bill Murray",
            "Edward Norton",
            "Jude Law",
            "Willem Dafoe",
          ],
          "title": "Revenant",
        },
        Object {
          "description": "In the 1930s, the Grand Budapest Hotel is a popular European ski resort, presided over by concierge Gustave H. (Ralph Fiennes). Zero, a junior lobby boy, becomes Gustave's friend and protege.",
          "director": "Wes Andreson",
          "genre": "Thrillers",
          "id": 24,
          "img": "johnny-english.jpg",
          "preview": "https://upload.wikimedia.org/wikipedia/commons/4/44/James_Randi_Escape_Over_Niagara_Falls.webm",
          "rate": Object {
            "allRate": 500,
            "currentRate": 8.2,
          },
          "starrings": Array [
            "Bill Murray",
            "Edward Norton",
            "Jude Law",
            "Willem Dafoe",
          ],
          "title": "Johnny English",
        },
        Object {
          "description": "In the 1930s, the Grand Budapest Hotel is a popular European ski resort, presided over by concierge Gustave H. (Ralph Fiennes). Zero, a junior lobby boy, becomes Gustave's friend and protege.",
          "director": "Wes Andreson",
          "genre": "Comedies",
          "id": 25,
          "img": "shutter-island.jpg",
          "preview": "https://upload.wikimedia.org/wikipedia/commons/8/81/James_Randi_Submerged_Coffin.webm",
          "rate": Object {
            "allRate": 500,
            "currentRate": 8.2,
          },
          "starrings": Array [
            "Bill Murray",
            "Edward Norton",
            "Jude Law",
            "Willem Dafoe",
          ],
          "title": "Shutter Island",
        },
        Object {
          "description": "In the 1930s, the Grand Budapest Hotel is a popular European ski resort, presided over by concierge Gustave H. (Ralph Fiennes). Zero, a junior lobby boy, becomes Gustave's friend and protege.",
          "director": "Wes Andreson",
          "genre": "Crime",
          "id": 26,
          "img": "pulp-fiction.jpg",
          "preview": "https://upload.wikimedia.org/wikipedia/commons/a/a2/James_Randi_-_Talk_Back_to_NOVA%2C_the_Case_for_ESP.webm",
          "rate": Object {
            "allRate": 500,
            "currentRate": 8.2,
          },
          "starrings": Array [
            "Bill Murray",
            "Edward Norton",
            "Jude Law",
            "Willem Dafoe",
          ],
          "title": "Pulp Fiction",
        },
        Object {
          "description": "In the 1930s, the Grand Budapest Hotel is a popular European ski resort, presided over by concierge Gustave H. (Ralph Fiennes). Zero, a junior lobby boy, becomes Gustave's friend and protege.",
          "director": "Wes Andreson",
          "genre": "Documentary",
          "id": 27,
          "img": "no-country-for-old-men.jpg",
          "preview": "https://upload.wikimedia.org/wikipedia/commons/7/78/James_Randi_discusses_the_Million_Dollar_Challenge.webm",
          "rate": Object {
            "allRate": 500,
            "currentRate": 8.2,
          },
          "starrings": Array [
            "Bill Murray",
            "Edward Norton",
            "Jude Law",
            "Willem Dafoe",
          ],
          "title": "No Country for Old Men",
        },
        Object {
          "description": "In the 1930s, the Grand Budapest Hotel is a popular European ski resort, presided over by concierge Gustave H. (Ralph Fiennes). Zero, a junior lobby boy, becomes Gustave's friend and protege.",
          "director": "Wes Andreson",
          "genre": "Dramas",
          "id": 28,
          "img": "snatch.jpg",
          "preview": "https://upload.wikimedia.org/wikipedia/commons/9/9b/Dilma_indica_Rodrigo_Janot_para_o_cargo_de_procurador-geral_da_Rep%C3%BAblica.webm",
          "rate": Object {
            "allRate": 500,
            "currentRate": 8.2,
          },
          "starrings": Array [
            "Bill Murray",
            "Edward Norton",
            "Jude Law",
            "Willem Dafoe",
          ],
          "title": "Snatch",
        },
        Object {
          "description": "In the 1930s, the Grand Budapest Hotel is a popular European ski resort, presided over by concierge Gustave H. (Ralph Fiennes). Zero, a junior lobby boy, becomes Gustave's friend and protege.",
          "director": "Wes Andreson",
          "genre": "Horror",
          "id": 29,
          "img": "moonrise-kingdom.jpg",
          "preview": "https://upload.wikimedia.org/wikipedia/commons/3/32/Publicada_recondu%C3%A7%C3%A3o_de_Rodrigo_Janot_ao_cargo_de_procurador-geral.webm",
          "rate": Object {
            "allRate": 500,
            "currentRate": 8.2,
          },
          "starrings": Array [
            "Bill Murray",
            "Edward Norton",
            "Jude Law",
            "Willem Dafoe",
          ],
          "title": "Moonrise Kingdom",
        },
        Object {
          "description": "In the 1930s, the Grand Budapest Hotel is a popular European ski resort, presided over by concierge Gustave H. (Ralph Fiennes). Zero, a junior lobby boy, becomes Gustave's friend and protege.",
          "director": "Wes Andreson",
          "genre": "Kids & Family",
          "id": 30,
          "img": "seven-years-in-tibet.jpg",
          "preview": "https://upload.wikimedia.org/wikipedia/commons/6/6d/Presidenta_Dilma_decide_reconduzir_Janot_ao_cargo_de_Procurador-Geral_da_Rep%C3%BAblica.webm",
          "rate": Object {
            "allRate": 500,
            "currentRate": 8.2,
          },
          "starrings": Array [
            "Bill Murray",
            "Edward Norton",
            "Jude Law",
            "Willem Dafoe",
          ],
          "title": "Seven Years in Tibet",
        },
      ]
    }
    onMovieClick={[MockFunction]}
  />
  <div
    className="catalog__more"
  >
    <button
      className="catalog__button"
      type="button"
    >
      Show more
    </button>
  </div>
</section>
`;
