// Jest Snapshot v1, https://goo.gl/fbAQLP

exports[`Is movie render 1`] = `
<a
  className="small-movie-card catalog__movies-card"
  href="/movie/1/overview"
  onClick={[Function]}
  onMouseEnter={[MockFunction]}
  onMouseLeave={[MockFunction]}
>
  <div
    className="small-movie-card__image"
  >
    <video
      height={175}
      muted={true}
      poster="img/the-grand-budapest-hotel.jpg"
      src="https://some-link"
      width={280}
    />
  </div>
  <h3
    className="small-movie-card__title"
  >
    <span
      className="small-movie-card__link"
    >
      The Grand Budapest Hotel
    </span>
  </h3>
</a>
`;
