// Jest Snapshot v1, https://goo.gl/fbAQLP

exports[`Is App render 1`] = `
<BrowserRouter>
  <Switch>
    <Route
      component={
        Object {
          "$$typeof": Symbol(react.memo),
          "WrappedComponent": [Function],
          "compare": null,
          "displayName": "Connect(MainPage)",
          "type": [Function],
        }
      }
      exact={true}
      path="/"
    />
    <Route
      component={
        Object {
          "$$typeof": Symbol(react.memo),
          "WrappedComponent": [Function],
          "compare": null,
          "displayName": "Connect(LoginPage)",
          "type": [Function],
        }
      }
      exact={true}
      path="/login"
    />
    <Route
      component={
        Object {
          "$$typeof": Symbol(react.memo),
          "WrappedComponent": [Function],
          "compare": null,
          "displayName": "Connect(WithPrivateRoute)",
          "type": [Function],
        }
      }
      path="/movie/:movieId/add-review"
    />
    <Route
      component={[Function]}
      path="/movie/:movieId/watch"
    />
    <Route
      component={
        Object {
          "$$typeof": Symbol(react.memo),
          "WrappedComponent": [Function],
          "compare": null,
          "displayName": "Connect(WithSessionStorage)",
          "type": [Function],
        }
      }
      path="/movie/:movieId"
    />
    <Route
      component={
        Object {
          "$$typeof": Symbol(react.memo),
          "WrappedComponent": [Function],
          "compare": null,
          "displayName": "Connect(WithPrivateRoute)",
          "type": [Function],
        }
      }
      exact={true}
      path="/my-list"
    />
    <Route
      component={[Function]}
    />
  </Switch>
</BrowserRouter>
`;
