// Jest Snapshot v1, https://goo.gl/fbAQLP

exports[`Is movie tabs rendered 1`] = `
<nav
  className="movie-nav movie-card__nav"
>
  <ul
    className="movie-nav__list"
  >
    <a
      aria-current={null}
      className="movie-nav__item"
      href="/movie/0/overview"
      onClick={[Function]}
    >
      <span
        className="movie-nav__link"
        id="Overview"
      >
        Overview
      </span>
    </a>
    <a
      aria-current={null}
      className="movie-nav__item"
      href="/movie/0/details"
      onClick={[Function]}
    >
      <span
        className="movie-nav__link"
        id="Details"
      >
        Details
      </span>
    </a>
    <a
      aria-current={null}
      className="movie-nav__item"
      href="/movie/0/reviews"
      onClick={[Function]}
    >
      <span
        className="movie-nav__link"
        id="Reviews"
      >
        Reviews
      </span>
    </a>
  </ul>
</nav>
`;
